
2025-04-22T08:06:51.147Z - ✅ [SIKERES] A bejelentkezés sikeres
2025-04-22T08:07:11.440Z - ❌ [SIKERTELEN] Hibás adatok.
2025-04-22T08:07:27.447Z - ✅ [SIKERES] A bejelentkezés sikeres
2025-04-22T08:31:29.021Z - ✅ [SIKERES] Sikeres regisztrációs üzenet megjelent.
2025-04-22T08:31:49.622Z - ❌ [SIKERTELEN] Hibás regisztráció:
Ez a telefonszám már regisztrálva van.
2025-04-22T08:32:46.183Z - ❌ [SIKERTELEN] Hibás regisztráció:
Ez a telefonszám már regisztrálva van.
2025-04-22T08:33:01.668Z - ✅ [SIKERES] Sikeres regisztráció
✅ Üres kosár teszt: Sikeres
✅ Egy termék teszt: Sikeres
✅ Több termék teszt: Sikeres
🎉 Tesztelés vége.
2025-04-22T08:47:27.905Z - ✅ [SIKERES] A bejelentkezés sikeres
